
> library(lattice)
> crimes <- read.table(file = "http://www2.isye.gatech.edu/~ymei/7406/Handouts/crimes.csv",header= TRUE, sep = ",")
> nrow(crimes)
[1] 47
> ncol(crimes)
[1] 14
> splom(crimes, pscales=0)

> par(mfrow = c(3,3))
> for(i in 1:9)boxplot(crimes[,i], xlab=names(crimes)[i])
> par(mfrow = c(3,3))
> for(i in 10:14)boxplot(crimes[,i], xlab=names(crimes)[i])


> cor(crimes)
              R         Age           S          Ed         Ex0         Ex1         LF           M           N          NW          U1          U2           W           X
R    1.00000000 -0.08947240 -0.09063696  0.32283487  0.68760446  0.66671414  0.1888663  0.21391426  0.33747406  0.03259884 -0.05047792  0.17732065  0.44131995 -0.17902373
Age -0.08947240  1.00000000  0.58435534 -0.53023964 -0.50573690 -0.51317336 -0.1609488 -0.02867993 -0.28063762  0.59319826 -0.22438060 -0.24484339 -0.67005506  0.63921138
S   -0.09063696  0.58435534  1.00000000 -0.70274132 -0.37263633 -0.37616753 -0.5054695 -0.31473291 -0.04991832  0.76710262 -0.17241931  0.07169289 -0.63694543  0.73718106
Ed   0.32283487 -0.53023964 -0.70274132  1.00000000  0.48295213  0.49940958  0.5611780  0.43691492 -0.01722740 -0.66488190  0.01810345 -0.21568155  0.73599704 -0.76865789
Ex0  0.68760446 -0.50573690 -0.37263633  0.48295213  1.00000000  0.99358648  0.1214932  0.03376027  0.52628358 -0.21370878 -0.04369761  0.18509304  0.78722528 -0.63050025
Ex1  0.66671414 -0.51317336 -0.37616753  0.49940958  0.99358648  1.00000000  0.1063496  0.02284250  0.51378940 -0.21876821 -0.05171199  0.16922422  0.79426205 -0.64815183
LF   0.18886635 -0.16094882 -0.50546948  0.56117795  0.12149320  0.10634960  1.0000000  0.51355879 -0.12367222 -0.34121444 -0.22939968 -0.42076249  0.29463231 -0.26988646
M    0.21391426 -0.02867993 -0.31473291  0.43691492  0.03376027  0.02284250  0.5135588  1.00000000 -0.41062750 -0.32730454  0.35189190 -0.01869169  0.17960864 -0.16708869
N    0.33747406 -0.28063762 -0.04991832 -0.01722740  0.52628358  0.51378940 -0.1236722 -0.41062750  1.00000000  0.09515301 -0.03811995  0.27042159  0.30826271 -0.12629357
NW   0.03259884  0.59319826  0.76710262 -0.66488190 -0.21370878 -0.21876821 -0.3412144 -0.32730454  0.09515301  1.00000000 -0.15645002  0.08090829 -0.59010707  0.67731286
U1  -0.05047792 -0.22438060 -0.17241931  0.01810345 -0.04369761 -0.05171199 -0.2293997  0.35189190 -0.03811995 -0.15645002  1.00000000  0.74592482  0.04485720 -0.06383218
U2   0.17732065 -0.24484339  0.07169289 -0.21568155  0.18509304  0.16922422 -0.4207625 -0.01869169  0.27042159  0.08090829  0.74592482  1.00000000  0.09207166  0.01567818
W    0.44131995 -0.67005506 -0.63694543  0.73599704  0.78722528  0.79426205  0.2946323  0.17960864  0.30826271 -0.59010707  0.04485720  0.09207166  1.00000000 -0.88399728
X   -0.17902373  0.63921138  0.73718106 -0.76865789 -0.63050025 -0.64815183 -0.2698865 -0.16708869 -0.12629357  0.67731286 -0.06383218  0.01567818 -0.88399728  1.00000000


> model1 <- lm(R~., data=crimes)
> summary(model1)

Call:
lm(formula = R ~ ., data = crimes)

Residuals:
    Min      1Q  Median      3Q     Max 
-34.884 -11.923  -1.135  13.495  50.560 

Coefficients:
              Estimate Std. Error t value Pr(>|t|)    
(Intercept) -6.918e+02  1.559e+02  -4.438 9.56e-05 ***
Age          1.040e+00  4.227e-01   2.460  0.01931 *  
S           -8.308e+00  1.491e+01  -0.557  0.58117    
Ed           1.802e+00  6.496e-01   2.773  0.00906 ** 
Ex0          1.608e+00  1.059e+00   1.519  0.13836    
Ex1         -6.673e-01  1.149e+00  -0.581  0.56529    
LF          -4.103e-02  1.535e-01  -0.267  0.79087    
M            1.648e-01  2.099e-01   0.785  0.43806    
N           -4.128e-02  1.295e-01  -0.319  0.75196    
NW           7.175e-03  6.387e-02   0.112  0.91124    
U1          -6.017e-01  4.372e-01  -1.376  0.17798    
U2           1.792e+00  8.561e-01   2.093  0.04407 *  
W            1.374e-01  1.058e-01   1.298  0.20332    
X            7.929e-01  2.351e-01   3.373  0.00191 ** 
---
Signif. codes:  0 ‘***’ 0.001 ‘**’ 0.01 ‘*’ 0.05 ‘.’ 0.1 ‘ ’ 1 

Residual standard error: 21.94 on 33 degrees of freedom
Multiple R-squared: 0.7692,	Adjusted R-squared: 0.6783 
F-statistic: 8.462 on 13 and 33 DF,  p-value: 3.686e-07 

> summary(model1)$r.squared
[1] 0.769236
> mean(residuals(model1)^2)
[1] 337.8447
> sum(residuals(model1)^2)
[1] 15878.7

> library(leaps)
> crimes.leaps <- regsubsets(R~., data=crimes, nbest=100, really.big=TRUE)

> crimes.models <- summary(crimes.leaps)$which
> crimes.models.size <- as.numeric(attr(crimes.models, "dimnames")[[1]]);
> crimes.models.rss <- summary(crimes.leaps)$rss;
> library(ggplot2)
> qplot(crimes.models.size, crimes.models.rss); 
> 
> op <- which(crimes.models.size == 2); 
> crimes.models.rss[op]
 [1] 28878.07 30108.85 30621.38 32259.77 33771.04 33951.92 34085.28 34467.54 34814.59 35501.47 35505.31
[12] 35921.57 36097.78 36167.07 36219.59 36247.48 36268.59 36772.12 37254.59 37928.35 38205.36 38213.62
[23] 38220.61 41376.94 46342.94 50096.41 50689.21 51207.77 52322.68 53538.38 54098.64 54111.17 54118.62
[34] 55067.26 55146.89 55407.17 57236.79 57256.73 59114.77 59671.67 60422.84 60597.07 60834.23 60841.41
[45] 60875.18 60970.63 60972.66 60998.76 61186.32 61419.46 61465.44 61631.86 63397.61 63594.65 64207.42
[56] 64370.85 64418.70 64849.14 65077.21 65137.90 65182.33 65619.11 65621.43 65906.97 66108.30 66339.20
[67] 66346.46 66351.10 66352.66 66490.47 66500.19 66531.48 66622.66 67479.16 67897.76 67934.10 68104.74
[78] 68590.91
> flag <- op[which.min(crimes.models.rss[op])]; 
> crimes.models[flag,]
(Intercept)         Age           S          Ed         Ex0         Ex1          LF           M           N 
       TRUE       FALSE       FALSE       FALSE        TRUE       FALSE       FALSE       FALSE       FALSE 
         NW          U1          U2           W           X 
      FALSE       FALSE       FALSE       FALSE        TRUE 
> crimes.models.rss[flag]
[1] 28878.07
> 
> model3 <- lm(R~Ex0+X, data=crimes)
> summary(model3)

Call:
lm(formula = R ~ Ex0 + X, data = crimes)

Residuals:
    Min      1Q  Median      3Q     Max 
-70.387 -12.181  -1.456  15.455  50.645 

Coefficients:
            Estimate Std. Error t value Pr(>|t|)    
(Intercept) -94.4662    34.3947  -2.747  0.00869 ** 
Ex0           1.2415     0.1637   7.582 1.62e-09 ***
X             0.4095     0.1220   3.357  0.00163 ** 
---
Signif. codes:  0 ‘***’ 0.001 ‘**’ 0.01 ‘*’ 0.05 ‘.’ 0.1 ‘ ’ 1 

Residual standard error: 25.62 on 44 degrees of freedom
Multiple R-squared: 0.5803,	Adjusted R-squared: 0.5612 
F-statistic: 30.42 on 2 and 44 DF,  p-value: 5.061e-09 

> mean(residuals(model3)^2)
[1] 614.4271
> sum(residuals(model3)^2)
[1] 28878.07
> op <- which(crimes.models.size == 3); 
> crimes.models.rss[op]
  [1] 23007.57 24332.62 24922.53 25579.46 26272.36 26738.71 27065.71 27454.30 27496.21 27574.30 27893.20
 [12] 28513.69 28540.69 28571.34 28724.04 28854.98 28875.54 28929.79 29092.29 29220.04 29260.24 29314.62
 [23] 29335.16 29379.49 29677.78 29790.59 30024.74 30073.10 30095.34 30101.13 30143.85 30161.84 30552.31
 [34] 30572.17 30573.43 30588.96 30614.41 30733.73 31110.00 31225.78 31514.24 31835.11 31889.36 32188.61
 [45] 32240.13 32247.60 32258.97 32259.72 32485.12 32526.78 32601.47 32639.16 32692.69 32809.53 32814.56
 [56] 32835.28 33162.17 33340.42 33350.84 33463.58 33485.67 33543.08 33556.84 33704.80 33759.93 33764.87
 [67] 33801.09 33813.52 33897.62 33943.70 34046.67 34067.21 34196.33 34279.49 34374.74 34421.30 34467.53
 [78] 34495.22 34532.32 34649.02 34689.06 34737.32 34744.34 34747.45 34790.80 34919.55 34967.05 35017.13
 [89] 35168.06 35480.00 35499.58 35500.56 35502.57 35728.92 35731.32 35792.31 35883.36 35904.61 35982.00
[100] 35982.79
> flag <- op[which.min(crimes.models.rss[op])]; 
> crimes.models[flag,]
(Intercept)         Age           S          Ed         Ex0         Ex1          LF           M           N 
       TRUE       FALSE       FALSE        TRUE        TRUE       FALSE       FALSE       FALSE       FALSE 
         NW          U1          U2           W           X 
      FALSE       FALSE       FALSE       FALSE        TRUE 
> crimes.models.rss[flag]
[1] 23007.57
> 
> model4 <- lm(R~Ed+Ex0+X, data=crimes)
> summary(model4)

Call:
lm(formula = R ~ Ed + Ex0 + X, data = crimes)

Residuals:
    Min      1Q  Median      3Q     Max 
-59.030 -10.206  -0.173  12.916  51.160 

Coefficients:
             Estimate Std. Error t value Pr(>|t|)    
(Intercept) -327.5409    76.9137  -4.259  0.00011 ***
Ed             1.5787     0.4766   3.312  0.00188 ** 
Ex0            1.2431     0.1479   8.408 1.26e-10 ***
X              0.7506     0.1508   4.978 1.09e-05 ***
---
Signif. codes:  0 ‘***’ 0.001 ‘**’ 0.01 ‘*’ 0.05 ‘.’ 0.1 ‘ ’ 1 

Residual standard error: 23.13 on 43 degrees of freedom
Multiple R-squared: 0.6656,	Adjusted R-squared: 0.6423 
F-statistic: 28.53 on 3 and 43 DF,  p-value: 2.59e-10 

> sum(residuals(model4)^2)
[1] 23007.57
> mean(residuals(model4)^2)
[1] 489.5229

> op <- which(crimes.models.size == 4); 
> crimes.models.rss[op]
  [1] 20613.53 21837.31 22212.18 22386.46 22581.74 22614.38 22684.74 22933.92 22935.03 22965.47 22966.22
 [12] 22982.80 23071.88 23412.37 23680.96 23684.09 23907.21 23961.02 23970.22 24080.14 24274.89 24312.70
 [23] 24328.23 24332.54 24332.61 24341.82 24479.43 24680.19 24716.06 24808.16 24819.72 24906.18 24915.92
 [34] 24965.95 24966.53 25105.16 25255.03 25462.41 25572.55 25574.02 25575.27 25575.97 25610.51 25760.86
 [45] 25761.90 25840.79 25909.04 25964.21 26150.08 26203.60 26218.70 26233.38 26277.19 26503.27 26528.72
 [56] 26561.12 26593.89 26596.42 26639.42 26705.27 26706.11 26733.99 26743.38 26790.14 26833.62 26871.99
 [67] 26914.12 26918.19 26925.76 26969.86 27045.94 27086.38 27171.14 27177.42 27242.41 27263.54 27295.02
 [78] 27335.51 27350.99 27431.32 27485.03 27495.41 27543.72 27555.20 27612.54 27643.67 27794.26 27859.41
 [89] 27878.74 27880.42 27884.92 28016.63 28110.88 28245.52 28249.14 28287.73 28306.61 28325.97 28348.37
[100] 28410.78
> flag <- op[which.min(crimes.models.rss[op])]; 
> crimes.models[flag,]
(Intercept)         Age           S          Ed         Ex0         Ex1          LF           M           N 
       TRUE        TRUE       FALSE        TRUE        TRUE       FALSE       FALSE       FALSE       FALSE 
         NW          U1          U2           W           X 
      FALSE       FALSE       FALSE       FALSE        TRUE 
> crimes.models.rss[flag]
[1] 20613.53
> 
> model5 <- lm(R~Age+Ed+Ex0+X, data=crimes)
> summary(model5)

Call:
lm(formula = R ~ Age + Ed + Ex0 + X, data = crimes)

Residuals:
    Min      1Q  Median      3Q     Max 
-53.093  -9.188   0.756  13.772  57.684 

Coefficients:
             Estimate Std. Error t value Pr(>|t|)    
(Intercept) -424.9222    85.8514  -4.950 1.25e-05 ***
Age            0.7602     0.3442   2.209 0.032714 *  
Ed             1.6605     0.4580   3.626 0.000773 ***
Ex0            1.2980     0.1438   9.029 2.16e-11 ***
X              0.6409     0.1527   4.197 0.000137 ***
---
Signif. codes:  0 ‘***’ 0.001 ‘**’ 0.01 ‘*’ 0.05 ‘.’ 0.1 ‘ ’ 1 

Residual standard error: 22.15 on 42 degrees of freedom
Multiple R-squared: 0.7004,	Adjusted R-squared: 0.6719 
F-statistic: 24.55 on 4 and 42 DF,  p-value: 1.595e-10 

> sum(residuals(model5)^2)
[1] 20613.53
> mean(residuals(model5)^2)
[1] 438.5857

> op <- which(crimes.models.size == 5); 
> crimes.models.rss[op]
  [1] 18603.65 18979.75 19869.55 20105.18 20159.61 20308.87 20439.88 20448.65 20532.51 20581.64 20583.65
 [12] 20807.34 21140.50 21502.26 21616.93 21632.98 21635.87 21702.45 21704.63 21723.74 21797.37 21807.21
 [23] 21812.07 21834.94 21851.17 21881.11 21883.78 22031.57 22041.04 22088.75 22090.68 22168.03 22168.38
 [34] 22168.83 22176.67 22179.61 22295.83 22321.62 22360.78 22453.96 22464.37 22470.61 22485.57 22517.77
 [45] 22537.45 22540.07 22554.23 22573.17 22580.49 22595.20 22598.69 22671.45 22683.23 22699.87 22743.10
 [56] 22801.44 22829.57 22837.25 22851.01 22863.05 22865.35 22872.38 22889.08 22891.97 22910.96 22915.92
 [67] 22936.75 22950.47 22956.90 22963.88 22977.57 22980.89 23023.98 23025.93 23043.62 23051.24 23068.83
 [78] 23181.20 23193.88 23259.90 23325.66 23348.23 23376.22 23391.06 23392.39 23408.53 23423.53 23447.34
 [89] 23460.33 23470.03 23513.20 23554.48 23565.79 23621.65 23637.41 23639.19 23639.71 23664.71 23672.37
[100] 23752.24
> flag <- op[which.min(crimes.models.rss[op])]; 
> crimes.models[flag,]
(Intercept)         Age           S          Ed         Ex0         Ex1          LF           M           N 
       TRUE        TRUE       FALSE        TRUE        TRUE       FALSE       FALSE       FALSE       FALSE 
         NW          U1          U2           W           X 
      FALSE       FALSE        TRUE       FALSE        TRUE 
> crimes.models.rss[flag]
[1] 18603.65
> 
> model6 <- lm(R~Age+Ed+Ex0+U2+X, data=crimes)
> summary(model6)

Call:
lm(formula = R ~ Age + Ed + Ex0 + U2 + X, data = crimes)

Residuals:
    Min      1Q  Median      3Q     Max 
-45.344  -9.859  -1.807  10.603  62.964 

Coefficients:
             Estimate Std. Error t value Pr(>|t|)    
(Intercept) -524.3743    95.1156  -5.513 2.13e-06 ***
Age            1.0198     0.3532   2.887 0.006175 ** 
Ed             2.0308     0.4742   4.283 0.000109 ***
Ex0            1.2331     0.1416   8.706 7.26e-11 ***
U2             0.9136     0.4341   2.105 0.041496 *  
X              0.6349     0.1468   4.324 9.56e-05 ***
---
Signif. codes:  0 ‘***’ 0.001 ‘**’ 0.01 ‘*’ 0.05 ‘.’ 0.1 ‘ ’ 1 

Residual standard error: 21.3 on 41 degrees of freedom
Multiple R-squared: 0.7296,	Adjusted R-squared: 0.6967 
F-statistic: 22.13 on 5 and 41 DF,  p-value: 1.105e-10 

> sum(residuals(model6)^2)
[1] 18603.65
> mean(residuals(model6)^2)
[1] 395.8222

> op <- which(crimes.models.size == 6); 
> crimes.models.rss[op]
  [1] 17351.06 17959.31 18184.66 18296.28 18364.13 18418.18 18421.98 18491.05 18503.37 18559.23 18599.33
 [12] 18618.39 18801.38 18919.72 18939.90 18978.60 19458.81 19540.03 19605.83 19694.04 19742.54 19753.98
 [23] 19820.41 19834.64 19862.71 19863.54 19869.29 19886.46 19929.89 19951.27 19969.00 20044.61 20052.30
 [34] 20075.52 20086.47 20098.92 20157.12 20159.39 20199.01 20280.53 20316.01 20349.45 20379.99 20390.56
 [45] 20398.45 20426.73 20448.49 20492.29 20505.05 20565.34 20569.22 20645.52 20719.85 20726.98 20748.70
 [56] 20781.90 20790.75 20812.36 20950.64 20957.07 20971.58 21008.55 21022.88 21080.37 21101.49 21127.19
 [67] 21139.58 21220.13 21254.21 21321.51 21323.98 21325.09 21353.86 21386.52 21409.56 21426.53 21434.18
 [78] 21435.18 21454.06 21462.81 21480.62 21498.93 21504.32 21532.14 21534.94 21536.39 21548.22 21560.12
 [89] 21574.02 21579.77 21581.32 21583.09 21585.18 21588.01 21594.06 21595.20 21604.27 21607.68 21620.29
[100] 21621.50
> flag <- op[which.min(crimes.models.rss[op])]; 
> crimes.models[flag,]
(Intercept)         Age           S          Ed         Ex0         Ex1          LF           M           N 
       TRUE        TRUE       FALSE        TRUE        TRUE       FALSE       FALSE       FALSE       FALSE 
         NW          U1          U2           W           X 
      FALSE       FALSE        TRUE        TRUE        TRUE 
> crimes.models.rss[flag]
[1] 17351.06
> 
> model7 <- lm(R~Age+Ed+Ex0+U2+W+X, data=crimes)
> summary(model7)

Call:
lm(formula = R ~ Age + Ed + Ex0 + U2 + W + X, data = crimes)

Residuals:
    Min      1Q  Median      3Q     Max 
-38.306 -10.209  -1.313   9.919  54.544 

Coefficients:
             Estimate Std. Error t value Pr(>|t|)    
(Intercept) -618.5028   108.2456  -5.714 1.19e-06 ***
Age            1.1252     0.3509   3.207 0.002640 ** 
Ed             1.8179     0.4803   3.785 0.000505 ***
Ex0            1.0507     0.1752   5.996 4.78e-07 ***
U2             0.8282     0.4274   1.938 0.059743 .  
W              0.1596     0.0939   1.699 0.097028 .  
X              0.8236     0.1815   4.538 5.10e-05 ***
---
Signif. codes:  0 ‘***’ 0.001 ‘**’ 0.01 ‘*’ 0.05 ‘.’ 0.1 ‘ ’ 1 

Residual standard error: 20.83 on 40 degrees of freedom
Multiple R-squared: 0.7478,	Adjusted R-squared:  0.71 
F-statistic: 19.77 on 6 and 40 DF,  p-value: 1.441e-10 

> sum(residuals(model7)^2)
[1] 17351.06
> mean(residuals(model7)^2)
[1] 369.1715

> library(MASS)
> crimes.ridge <- lm.ridge(R~., data=crimes, lambda=seq(0, 100, 0.01));
> select(crimes.ridge)
modified HKB estimator is 1.132165 
modified L-W estimator is 4.69986 
smallest value of GCV  at 2.19 
> crimes.ridge$coef[, which(crimes.ridge$lambda == 2.19)]
        Age           S          Ed         Ex0         Ex1          LF           M           N          NW 
11.16401648 -0.05646328 13.52008352 17.95247121 10.70976528  1.99981123  5.80738145  0.64080978  0.42008440 
         U1          U2           W           X 
-7.39688620 11.94770016  7.87014685 21.31924889 
> coef1 <- coef(crimes.ridge)[which(crimes.ridge$lambda == 2.19),]
> coef1
                        Age             S            Ed           Ex0           Ex1            LF 
-6.279335e+02  8.979186e-01 -1.191580e-01  1.221619e+00  6.106051e-01  3.871616e-01  5.002080e-02 
            M             N            NW            U1            U2             W             X 
 1.992090e-01  1.701385e-02  4.129445e-03 -4.147177e-01  1.429985e+00  8.244537e-02  5.401469e-01

> pred1 <- as.vector(as.matrix(cbind(1, crimes[,2:14])) %*% coef1)
> ytrue <- crimes$R
> MSE1 <-  mean((pred1 - ytrue)^2); 
> print(MSE1)
[1] 366.7844
> coef2 <- coef(crimes.ridge)[which(crimes.ridge$lambda == 0),]
> coef2
                        Age             S            Ed           Ex0           Ex1            LF 
-6.918376e+02  1.039810e+00 -8.308313e+00  1.801601e+00  1.607818e+00 -6.672583e-01 -4.103105e-02 
            M             N            NW            U1            U2             W             X 
 1.647950e-01 -4.127689e-02  7.174688e-03 -6.016753e-01  1.792263e+00  1.373585e-01  7.929328e-01 
> pred2 <- as.vector(as.matrix(cbind(1, crimes[,2:14])) %*% coef2)
> MSE2 <-  mean((pred2 - ytrue)^2); print(MSE2)
[1] 337.8447


> library(lars)
> crimes.lars <- lars( as.matrix(crimes[,2:14]), crimes[,1], type= "lasso", trace= TRUE); 
LASSO sequence
Computing X'X .....
LARS Step 1 :	 Variable 4 	added
LARS Step 2 :	 Variable 7 	added
LARS Step 3 :	 Variable 1 	added
LARS Step 4 :	 Variable 13 	added
LARS Step 5 :	 Variable 6 	added
LARS Step 6 :	 Variable 3 	added
LARS Step 7 :	 Variable 11 	added
LARS Step 8 :	 Variable 12 	added
LARS Step 9 :	 Variable 10 	added
LARS Step 10 :	 Variable 2 	added
LARS Step 11 :	 Variable 8 	added
Lasso Step 12 :	 Variable 6 	dropped
LARS Step 13 :	 Variable 5 	added
LARS Step 14 :	 Variable 6 	added
LARS Step 15 :	 Variable 9 	added
Computing residuals, RSS etc .....
> Cp1  <- summary(crimes.lars)$Cp;
> index1 <- which.min(Cp1);
> coef(crimes.lars)[index1,]
        Age           S          Ed         Ex0         Ex1          LF           M           N          NW 
 0.91887176  0.00000000  1.47810820  1.02114456  0.00000000  0.02144712  0.15801638  0.00000000  0.00000000 
         U1          U2           W           X 
-0.36540388  1.34318801  0.09367101  0.63960177 
> lasso.lambda <- crimes.lars$lambda[index1]
> fit1 <- predict(crimes.lars, as.matrix(crimes[,2:14]), s=lasso.lambda, type="fit", mode="lambda");
> yhat <- fit1$fit; 
> mean( (yhat - crimes$R)^2); 
[1] 352.1031
